******************************************************************************
                  TI ARM Linker PC v20.2.6                     
******************************************************************************
>> Linked Wed Sep 21 19:08:40 2022

OUTPUT FILE NAME:   <Lab2_1.out>
ENTRY POINT SYMBOL: "_c_int00_noargs"  address: 00000c3d


MEMORY CONFIGURATION

         name            origin    length      used     unused   attr    fill
----------------------  --------  ---------  --------  --------  ----  --------
  MAIN                  00000000   00040000  00000df4  0003f20c  R  X
  INFO                  00200000   00004000  00000000  00004000  R  X
  SRAM_CODE             01000000   00010000  00000204  0000fdfc  RW X
  SRAM_DATA             20000000   00010000  00000204  0000fdfc  RW  


SEGMENT ALLOCATION MAP

run origin  load origin   length   init length attrs members
----------  ----------- ---------- ----------- ----- -------
00000000    00000000    00000df8   00000df8    r-x
  00000000    00000000    000000e4   000000e4    r-- .intvecs
  000000e4    000000e4    00000bb0   00000bb0    r-x .text
  00000c94    00000c94    00000148   00000148    r-- .const
  00000de0    00000de0    00000018   00000018    r-- .cinit
20000000    20000000    00000004   00000000    rw-
  20000000    20000000    00000004   00000000    rw- .data
2000fe00    2000fe00    00000200   00000000    rw-
  2000fe00    2000fe00    00000200   00000000    rw- .stack


SECTION ALLOCATION MAP

 output                                  attributes/
section   page    origin      length       input sections
--------  ----  ----------  ----------   ----------------
.intvecs   0    00000000    000000e4     
                  00000000    000000e4     startup_msp432p401r_ccs.obj (.intvecs:retain)

.text      0    000000e4    00000bb0     
                  000000e4    000006dc     main.obj (.text)
                  000007c0    00000334     system_msp432p401r.obj (.text)
                  00000af4    0000009c     rtsv7M4_T_le_v4SPD16_eabi.lib : memcpy_t2.asm.obj (.text)
                  00000b90    00000068                                   : copy_decompress_lzss.c.obj (.text:decompress:lzss:__TI_decompress_lzss)
                  00000bf8    00000044                                   : autoinit.c.obj (.text:__TI_auto_init_nobinit_nopinit:__TI_auto_init_nobinit_nopinit)
                  00000c3c    00000034                                   : boot_cortex_m.c.obj (.text:_c_int00_noargs:_c_int00_noargs)
                  00000c70    0000000e                                   : copy_decompress_none.c.obj (.text:decompress:none:__TI_decompress_none)
                  00000c7e    0000000e     startup_msp432p401r_ccs.obj (.text)
                  00000c8c    00000004     rtsv7M4_T_le_v4SPD16_eabi.lib : pre_init.c.obj (.text:_system_pre_init)
                  00000c90    00000004                                   : exit.c.obj (.text:abort:abort)

.const     0    00000c94    00000148     
                  00000c94    00000090     main.obj (.const:$P$T4$5)
                  00000d24    00000050     main.obj (.const:$P$T1$2)
                  00000d74    0000002c     main.obj (.const:$P$T2$3)
                  00000da0    0000002c     main.obj (.const:$P$T3$4)
                  00000dcc    00000010     main.obj (.const:$P$T0$1)

.cinit     0    00000de0    00000018     
                  00000de0    00000008     (.cinit..data.load) [load image, compression = lzss]
                  00000de8    00000008     (__TI_handler_table)
                  00000df0    00000008     (__TI_cinit_table)

.init_array 
*          0    00000000    00000000     UNINITIALIZED

.binit     0    00000000    00000000     

.data      0    20000000    00000004     UNINITIALIZED
                  20000000    00000004     system_msp432p401r.obj (.data)

.stack     0    2000fe00    00000200     UNINITIALIZED
                  2000fe00    00000004     rtsv7M4_T_le_v4SPD16_eabi.lib : boot_cortex_m.c.obj (.stack)
                  2000fe04    000001fc     --HOLE--

__llvm_prf_cnts 
*          0    20000000    00000000     UNINITIALIZED

MODULE SUMMARY

       Module                        code   ro data   rw data
       ------                        ----   -------   -------
    .\
       main.obj                      1756   328       0      
       system_msp432p401r.obj        820    0         8      
       startup_msp432p401r_ccs.obj   14     228       0      
    +--+-----------------------------+------+---------+---------+
       Total:                        2590   556       8      
                                                             
    C:\ti\ccs1200\ccs\tools\compiler\ti-cgt-arm_20.2.6.LTS\lib\rtsv7M4_T_le_v4SPD16_eabi.lib
       memcpy_t2.asm.obj             156    0         0      
       copy_decompress_lzss.c.obj    104    0         0      
       autoinit.c.obj                68     0         0      
       boot_cortex_m.c.obj           52     0         0      
       copy_decompress_none.c.obj    14     0         0      
       exit.c.obj                    4      0         0      
       pre_init.c.obj                4      0         0      
    +--+-----------------------------+------+---------+---------+
       Total:                        402    0         0      
                                                             
       Stack:                        0      0         1024   
       Linker Generated:             0      24        0      
    +--+-----------------------------+------+---------+---------+
       Grand Total:                  2992   580       1032   


LINKER GENERATED COPY TABLES

__TI_cinit_table @ 00000df0 records: 1, size/record: 8, table size: 8
	.data: load addr=00000de0, load size=00000008 bytes, run addr=20000000, run size=00000004 bytes, compression=lzss


LINKER GENERATED HANDLER TABLE

__TI_handler_table @ 00000de8 records: 2, size/record: 4, table size: 8
	index: 0, handler: __TI_decompress_lzss
	index: 1, handler: __TI_decompress_none


GLOBAL SYMBOLS: SORTED ALPHABETICALLY BY Name 

address   name                          
-------   ----                          
00000c8b  ADC14_IRQHandler              
00000c8b  AES256_IRQHandler             
00000c8b  BusFault_Handler              
00000c91  C$$EXIT                       
00000c8b  COMP_E0_IRQHandler            
00000c8b  COMP_E1_IRQHandler            
00000c8b  CS_IRQHandler                 
00000c8b  DMA_ERR_IRQHandler            
00000c8b  DMA_INT0_IRQHandler           
00000c8b  DMA_INT1_IRQHandler           
00000c8b  DMA_INT2_IRQHandler           
00000c8b  DMA_INT3_IRQHandler           
00000c8b  DebugMon_Handler              
00000c8b  Default_Handler               
00000c8b  EUSCIA0_IRQHandler            
00000c8b  EUSCIA1_IRQHandler            
00000c8b  EUSCIA2_IRQHandler            
00000c8b  EUSCIA3_IRQHandler            
00000c8b  EUSCIB0_IRQHandler            
00000c8b  EUSCIB1_IRQHandler            
00000c8b  EUSCIB2_IRQHandler            
00000c8b  EUSCIB3_IRQHandler            
00000c8b  FLCTL_IRQHandler              
00000c8b  FPU_IRQHandler                
00000c8b  HardFault_Handler             
00000c8b  MemManage_Handler             
00000c8b  NMI_Handler                   
00000c8b  PCM_IRQHandler                
00000c8b  PORT1_IRQHandler              
00000c8b  PORT2_IRQHandler              
00000c8b  PORT3_IRQHandler              
00000c8b  PORT4_IRQHandler              
00000c8b  PORT5_IRQHandler              
00000c8b  PORT6_IRQHandler              
00000c8b  PSS_IRQHandler                
00000c8b  PendSV_Handler                
00000c8b  RTC_C_IRQHandler              
00000c7f  Reset_Handler                 
00000c8b  SVC_Handler                   
00000c8b  SysTick_Handler               
20000000  SystemCoreClock               
000007c1  SystemCoreClockUpdate         
00000a39  SystemInit                    
00000c8b  T32_INT1_IRQHandler           
00000c8b  T32_INT2_IRQHandler           
00000c8b  T32_INTC_IRQHandler           
00000c8b  TA0_0_IRQHandler              
00000c8b  TA0_N_IRQHandler              
00000c8b  TA1_0_IRQHandler              
00000c8b  TA1_N_IRQHandler              
00000c8b  TA2_0_IRQHandler              
00000c8b  TA2_N_IRQHandler              
00000c8b  TA3_0_IRQHandler              
00000c8b  TA3_N_IRQHandler              
00000c8b  UsageFault_Handler            
4000480c  WDTCTL_SYM                    
00000c8b  WDT_A_IRQHandler              
20010000  __STACK_END                   
00000200  __STACK_SIZE                  
00000df0  __TI_CINIT_Base               
00000df8  __TI_CINIT_Limit              
00000de8  __TI_Handler_Table_Base       
00000df0  __TI_Handler_Table_Limit      
00000bf9  __TI_auto_init_nobinit_nopinit
00000b91  __TI_decompress_lzss          
00000c71  __TI_decompress_none          
ffffffff  __TI_pprof_out_hndl           
ffffffff  __TI_prof_data_size           
ffffffff  __TI_prof_data_start          
00000000  __TI_static_base__            
00000af5  __aeabi_memcpy                
00000af5  __aeabi_memcpy4               
00000af5  __aeabi_memcpy8               
ffffffff  __binit__                     
ffffffff  __c_args__                    
UNDEFED   __mpu_init                    
2000fe00  __stack                       
20000000  __start___llvm_prf_cnts       
20000000  __stop___llvm_prf_cnts        
00000c3d  _c_int00_noargs               
UNDEFED   _system_post_cinit            
00000c8d  _system_pre_init              
00000c91  abort                         
ffffffff  binit                         
000000e5  blankLED                      
000002f1  check_cancel                  
00000369  check_passcode                
0000029f  de_energize_solenoid          
00000207  display0                      
00000329  display_LOC                   
00000461  display_Ld                    
000003e1  display_open                  
00000287  energize_solenoid             
000002bf  flash_led                     
000005c7  full_input                    
00000595  input_keypress                
00000000  interruptVectors              
000005e3  keypad_fsm                    
0000034b  lock_box                      
000004a9  lockbox_fsm                   
0000015b  main                          
00000af5  memcpy                        
0000010d  outputSegments                
00000245  process_lock_flag             
0000022f  process_open_flag             
0000012d  readKeypad                    
00000489  return_to_lock                
000000ed  selectLEDDigit                
00000431  set_lockdown                  
00000409  unlock_box                    
00000137  wait                          


GLOBAL SYMBOLS: SORTED BY Symbol Address 

address   name                          
-------   ----                          
00000000  __TI_static_base__            
00000000  interruptVectors              
000000e5  blankLED                      
000000ed  selectLEDDigit                
0000010d  outputSegments                
0000012d  readKeypad                    
00000137  wait                          
0000015b  main                          
00000200  __STACK_SIZE                  
00000207  display0                      
0000022f  process_open_flag             
00000245  process_lock_flag             
00000287  energize_solenoid             
0000029f  de_energize_solenoid          
000002bf  flash_led                     
000002f1  check_cancel                  
00000329  display_LOC                   
0000034b  lock_box                      
00000369  check_passcode                
000003e1  display_open                  
00000409  unlock_box                    
00000431  set_lockdown                  
00000461  display_Ld                    
00000489  return_to_lock                
000004a9  lockbox_fsm                   
00000595  input_keypress                
000005c7  full_input                    
000005e3  keypad_fsm                    
000007c1  SystemCoreClockUpdate         
00000a39  SystemInit                    
00000af5  __aeabi_memcpy                
00000af5  __aeabi_memcpy4               
00000af5  __aeabi_memcpy8               
00000af5  memcpy                        
00000b91  __TI_decompress_lzss          
00000bf9  __TI_auto_init_nobinit_nopinit
00000c3d  _c_int00_noargs               
00000c71  __TI_decompress_none          
00000c7f  Reset_Handler                 
00000c8b  ADC14_IRQHandler              
00000c8b  AES256_IRQHandler             
00000c8b  BusFault_Handler              
00000c8b  COMP_E0_IRQHandler            
00000c8b  COMP_E1_IRQHandler            
00000c8b  CS_IRQHandler                 
00000c8b  DMA_ERR_IRQHandler            
00000c8b  DMA_INT0_IRQHandler           
00000c8b  DMA_INT1_IRQHandler           
00000c8b  DMA_INT2_IRQHandler           
00000c8b  DMA_INT3_IRQHandler           
00000c8b  DebugMon_Handler              
00000c8b  Default_Handler               
00000c8b  EUSCIA0_IRQHandler            
00000c8b  EUSCIA1_IRQHandler            
00000c8b  EUSCIA2_IRQHandler            
00000c8b  EUSCIA3_IRQHandler            
00000c8b  EUSCIB0_IRQHandler            
00000c8b  EUSCIB1_IRQHandler            
00000c8b  EUSCIB2_IRQHandler            
00000c8b  EUSCIB3_IRQHandler            
00000c8b  FLCTL_IRQHandler              
00000c8b  FPU_IRQHandler                
00000c8b  HardFault_Handler             
00000c8b  MemManage_Handler             
00000c8b  NMI_Handler                   
00000c8b  PCM_IRQHandler                
00000c8b  PORT1_IRQHandler              
00000c8b  PORT2_IRQHandler              
00000c8b  PORT3_IRQHandler              
00000c8b  PORT4_IRQHandler              
00000c8b  PORT5_IRQHandler              
00000c8b  PORT6_IRQHandler              
00000c8b  PSS_IRQHandler                
00000c8b  PendSV_Handler                
00000c8b  RTC_C_IRQHandler              
00000c8b  SVC_Handler                   
00000c8b  SysTick_Handler               
00000c8b  T32_INT1_IRQHandler           
00000c8b  T32_INT2_IRQHandler           
00000c8b  T32_INTC_IRQHandler           
00000c8b  TA0_0_IRQHandler              
00000c8b  TA0_N_IRQHandler              
00000c8b  TA1_0_IRQHandler              
00000c8b  TA1_N_IRQHandler              
00000c8b  TA2_0_IRQHandler              
00000c8b  TA2_N_IRQHandler              
00000c8b  TA3_0_IRQHandler              
00000c8b  TA3_N_IRQHandler              
00000c8b  UsageFault_Handler            
00000c8b  WDT_A_IRQHandler              
00000c8d  _system_pre_init              
00000c91  C$$EXIT                       
00000c91  abort                         
00000de8  __TI_Handler_Table_Base       
00000df0  __TI_CINIT_Base               
00000df0  __TI_Handler_Table_Limit      
00000df8  __TI_CINIT_Limit              
20000000  SystemCoreClock               
20000000  __start___llvm_prf_cnts       
20000000  __stop___llvm_prf_cnts        
2000fe00  __stack                       
20010000  __STACK_END                   
4000480c  WDTCTL_SYM                    
ffffffff  __TI_pprof_out_hndl           
ffffffff  __TI_prof_data_size           
ffffffff  __TI_prof_data_start          
ffffffff  __binit__                     
ffffffff  __c_args__                    
ffffffff  binit                         
UNDEFED   __mpu_init                    
UNDEFED   _system_post_cinit            

[111 symbols]
